apps/web/src/app/api/videos/route.ts(124,15): error TS2345: Argument of type '{ transcript_analysis: { status: string; checkpointCount: number; processedAt: string; }; }' is not assignable to parameter of type 'never'.
apps/web/src/app/api/videos/route.ts(141,15): error TS2345: Argument of type '{ transcript_analysis: { status: string; error: string; failedAt: string; }; }' is not assignable to parameter of type 'never'.
apps/web/src/app/api/videos/route.ts(193,15): error TS2345: Argument of type '{ duration: number; channel_name: string; transcript_analysis: { status: string; startedAt: string; }; }' is not assignable to parameter of type 'never'.
apps/web/src/components/DeepFocus/VideoPlayer.tsx(133,9): error TS2353: Object literal may only specify known properties, and 'width' does not exist in type '{ videoId: string; playerVars?: Record<string, string | number> | undefined; events?: { onReady?: ((event: { target: YTPlayer; }) => void) | undefined; onStateChange?: ((event: { ...; }) => void) | undefined; } | undefined; }'.
apps/web/src/services/robustTranscriptExtractor.ts(2,30): error TS7016: Could not find a declaration file for module 'youtube-captions-scraper'. 'C:/Users/shobh/Downloads/PAUSER/node_modules/.pnpm/youtube-captions-scraper@2.0.3/node_modules/youtube-captions-scraper/dist/index.js' implicitly has an 'any' type.
  Try `npm i --save-dev @types/youtube-captions-scraper` if it exists or add a new declaration (.d.ts) file containing `declare module 'youtube-captions-scraper';`
apps/web/src/services/spacedRepetitionEngine.ts(70,51): error TS2345: Argument of type 'any' is not assignable to parameter of type 'never'.
